{
  "version": "1.5.0",
  "plugins_used": [
    {
      "name": "ArtifactoryDetector"
    },
    {
      "name": "AWSKeyDetector"
    },
    {
      "name": "AzureStorageKeyDetector"
    },
    {
      "name": "Base64HighEntropyString",
      "limit": 4.5
    },
    {
      "name": "BasicAuthDetector"
    },
    {
      "name": "CloudantDetector"
    },
    {
      "name": "DiscordBotTokenDetector"
    },
    {
      "name": "GitHubTokenDetector"
    },
    {
      "name": "GitLabTokenDetector"
    },
    {
      "name": "HexHighEntropyString",
      "limit": 3.0
    },
    {
      "name": "IbmCloudIamDetector"
    },
    {
      "name": "IbmCosHmacDetector"
    },
    {
      "name": "IPPublicDetector"
    },
    {
      "name": "JwtTokenDetector"
    },
    {
      "name": "KeywordDetector",
      "keyword_exclude": ""
    },
    {
      "name": "MailchimpDetector"
    },
    {
      "name": "NpmDetector"
    },
    {
      "name": "OpenAIDetector"
    },
    {
      "name": "PrivateKeyDetector"
    },
    {
      "name": "PypiTokenDetector"
    },
    {
      "name": "SendGridDetector"
    },
    {
      "name": "SlackDetector"
    },
    {
      "name": "SoftlayerDetector"
    },
    {
      "name": "SquareOAuthDetector"
    },
    {
      "name": "StripeDetector"
    },
    {
      "name": "TelegramBotTokenDetector"
    },
    {
      "name": "TwilioKeyDetector"
    }
  ],
  "filters_used": [
    {
      "path": "detect_secrets.filters.allowlist.is_line_allowlisted"
    },
    {
      "path": "detect_secrets.filters.common.is_baseline_file",
      "filename": "devhub/.secrets.baseline"
    },
    {
      "path": "detect_secrets.filters.common.is_ignored_due_to_verification_policies",
      "min_level": 2
    },
    {
      "path": "detect_secrets.filters.heuristic.is_indirect_reference"
    },
    {
      "path": "detect_secrets.filters.heuristic.is_likely_id_string"
    },
    {
      "path": "detect_secrets.filters.heuristic.is_lock_file"
    },
    {
      "path": "detect_secrets.filters.heuristic.is_not_alphanumeric_string"
    },
    {
      "path": "detect_secrets.filters.heuristic.is_potential_uuid"
    },
    {
      "path": "detect_secrets.filters.heuristic.is_prefixed_with_dollar_sign"
    },
    {
      "path": "detect_secrets.filters.heuristic.is_sequential_string"
    },
    {
      "path": "detect_secrets.filters.heuristic.is_swagger_file"
    },
    {
      "path": "detect_secrets.filters.heuristic.is_templated_secret"
    }
  ],
  "results": {
    ".github/workflows/devhub-ci.yml": [
      {
        "type": "Secret Keyword",
        "filename": ".github/workflows/devhub-ci.yml",
        "hashed_secret": "9c4c8f5fbd7951395b26c9c4fa0b058bc702ab08",
        "is_verified": false,
        "line_number": 19,
        "is_secret": false
      },
      {
        "type": "Basic Auth Credentials",
        "filename": ".github/workflows/devhub-ci.yml",
        "hashed_secret": "9c4c8f5fbd7951395b26c9c4fa0b058bc702ab08",
        "is_verified": false,
        "line_number": 29,
        "is_secret": false
      },
      {
        "type": "Secret Keyword",
        "filename": ".github/workflows/devhub-ci.yml",
        "hashed_secret": "d30b58826ce6248a66ae31806e66bddaee8b64d2",
        "is_verified": false,
        "line_number": 47,
        "is_secret": false
      }
    ],
    "devhub/.env.example": [
      {
        "type": "Basic Auth Credentials",
        "filename": "devhub/.env.example",
        "hashed_secret": "2438d6265b45c7b859c2cb8e66d648f12abea710",
        "is_verified": false,
        "line_number": 3,
        "is_secret": false
      }
    ],
    "devhub/backend/devhub/config.py": [
      {
        "type": "Basic Auth Credentials",
        "filename": "devhub/backend/devhub/config.py",
        "hashed_secret": "2438d6265b45c7b859c2cb8e66d648f12abea710",
        "is_verified": false,
        "line_number": 15,
        "is_secret": false
      }
    ],
    "devhub/backend/tests/test_auth.py": [
      {
        "type": "Secret Keyword",
        "filename": "devhub/backend/tests/test_auth.py",
        "hashed_secret": "03f5e2d670af3e9183f3fe790785b0d41291a17d",
        "is_verified": false,
        "line_number": 33,
        "is_secret": false
      }
    ],
    "devhub/backend/tests/test_integrations.py": [
      {
        "type": "Secret Keyword",
        "filename": "devhub/backend/tests/test_integrations.py",
        "hashed_secret": "3be9f957f29f905f10f7b652cab1c95ba8a2c205",
        "is_verified": false,
        "line_number": 25,
        "is_secret": false
      },
      {
        "type": "Secret Keyword",
        "filename": "devhub/backend/tests/test_integrations.py",
        "hashed_secret": "e3694c1417723ec08d5b724fd101b28c5611ebd1",
        "is_verified": false,
        "line_number": 55,
        "is_secret": false
      },
      {
        "type": "Secret Keyword",
        "filename": "devhub/backend/tests/test_integrations.py",
        "hashed_secret": "980e9cb90f9550f4d2a9dcc9df296bfe9a823b3b",
        "is_verified": false,
        "line_number": 144,
        "is_secret": false
      }
    ],
    "devhub/compose.yaml": [
      {
        "type": "Secret Keyword",
        "filename": "devhub/compose.yaml",
        "hashed_secret": "246fae8dd63856c54e9e2d027d4387fd62d313b0",
        "is_verified": false,
        "line_number": 8,
        "is_secret": false
      },
      {
        "type": "Basic Auth Credentials",
        "filename": "devhub/compose.yaml",
        "hashed_secret": "246fae8dd63856c54e9e2d027d4387fd62d313b0",
        "is_verified": false,
        "line_number": 19,
        "is_secret": false
      },
      {
        "type": "Secret Keyword",
        "filename": "devhub/compose.yaml",
        "hashed_secret": "d20027aecf97f725008c59e79f9d1a7cec57c2ba",
        "is_verified": false,
        "line_number": 20,
        "is_secret": false
      },
      {
        "type": "Secret Keyword",
        "filename": "devhub/compose.yaml",
        "hashed_secret": "e9091be8f6fa53ce9534d1c9db1365e0e057d111",
        "is_verified": false,
        "line_number": 21,
        "is_secret": false
      },
      {
        "type": "Basic Auth Credentials",
        "filename": "devhub/compose.yaml",
        "hashed_secret": "d20027aecf97f725008c59e79f9d1a7cec57c2ba",
        "is_verified": false,
        "line_number": 31,
        "is_secret": false
      },
      {
        "type": "Basic Auth Credentials",
        "filename": "devhub/compose.yaml",
        "hashed_secret": "e9091be8f6fa53ce9534d1c9db1365e0e057d111",
        "is_verified": false,
        "line_number": 52,
        "is_secret": false
      }
    ]
  },
  "generated_at": "2026-09-26T08:40:02Z"
}
